4
9
17
31
77
84
87
89
133
158
205
219
284
306
362
368
376
386
423
425
436
457
461
481
506
527
538
542
587
678
728
735
738
746
749
832
833
859
877
881
926
1022
1052
1053
1089
1179
1221
1232
1244
1277
1331
1367
1416
1419
1469
1493
1497
1507
1512
1524
1650
1654
1663
1667
1710
1717
1728
1801
1843
1870
1887
1906
1927
1999
2001
