20
26
31
32
58
129
139
160
221
234
269
288
295
333
343
352
379
386
389
398
400
406
413
450
485
524
546
606
611
636
658
659
669
718
736
742
828
833
847
857
889
909
925
968
971
995
1015
1019
1022
1040
1049
1051
1067
1084
1088
1100
1167
1168
1197
1213
1216
1308
1323
1357
1394
1397
1415
1449
1462
1510
1521
1535
1555
1567
1569
1577
1583
1644
1654
1664
1665
1671
1691
1703
1724
1732
1734
1735
1739
1741
1783
1801
1816
1857
1877
1880
1926
1930
1992
2033
2047
2062
2071
2099
2135
2147
2148
2159
2219
2220
2226
2246
2259
2260
2294
