5
8
28
42
54
73
131
171
187
229
245
264
267
285
296
327
348
357
361
411
421
427
428
461
507
533
539
549
565
592
642
646
657
662
676
706
732
744
747
778
792
805
810
870
871
898
926
953
967
970
972
981
1013
1032
1050
1092
1093
1135
1159
1174
1175
1180
1181
1203
1221
1269
1270
1299
1309
1313
1329
1355
1369
1386
1392
1402
1452
1504
1524
1563
1569
1576
1594
1609
1618
1652
1653
1675
1709
