2
5
6
8
12
13
25
28
33
42
47
48
49
51
62
64
78
80
85
94
98
100
101
102
107
112
124
129
142
144
145
158
167
169
172
173
180
181
185
201
202
