29
38
91
96
97
114
142
181
197
249
250
251
253
260
