16
27
57
58
104
111
112
129
147
149
158
176
183
194
207
214
243
248
261
268
275
277
278
289
294
318
332
337
397
398
439
481
484
519
526
528
570
584
601
619
669
704
710
728
740
742
743
751
757
772
776
780
783
784
787
812
824
831
907
924
936
949
978
998
1000
1025
1027
1061
1080
1108
1111
1130
1132
1137
1166
1186
1204
1211
1237
1252
1259
1282
1286
1292
1304
1315
1318
1342
1366
1373
1397
1400
1413
1416
1424
1446
1457
1472
1475
1486
1499
1514
1535
1560
1630
1650
1670
1682
1684
1688
1694
1699
1818
1822
1837
1888
1903
1912
1929
1932
1935
1970
2014
2027
2044
2051
2102
2119
2121
2123
2125
2143
2197
2199
2204
2254
2256
2265
2333
2344
2365
2414
2416
2417
2433
2463
2470
2471
2482
2492
2494
2495
2507
2527
2546
2560
2562
2568
2573
2641
2659
2670
2683
2686
2691
2713
2736
2750
2757
2814
2817
2840
2868
2872
2874
2875
2906
2928
2930
