9
21
25
56
61
74
77
88
89
94
124
151
171
245
311
355
381
396
405
416
481
503
508
521
534
601
641
656
658
685
700
731
739
741
758
799
844
852
861
913
915
917
939
945
947
962
970
974
978
996
998
1009
1011
1019
1029
1034
1062
1064
1098
1106
1179
1191
1227
1235
1253
1256
1269
1322
1325
1340
1420
1432
1454
1467
1476
1512
1548
1570
1578
1579
1602
1620
1626
1632
1659
1666
1668
1718
1737
1746
1749
1778
