4
22
31
246
266
372
439
448
452
611
756
758
824
877
889
930
966
1153
1279
1303
1312
1368
1384
1390
1585
1913
2099
