33
188
193
302
390
407
447
495
642
678
688
715
717
749
869
948
967
980
1025
1029
1049
1051
1161
1169
1178
1263
1296
1310
1379
1393
1417
1605
1627
1644
1749
1762
1805
1824
1840
1869
2004
2015
2158
2193
2318
2370
2486
2515
2526
