9
16
30
38
50
63
64
74
77
79
82
86
94
97
117
121
125
137
138
146
171
211
228
235
243
252
256
261
288
296
